文档已完成并通过自检。

## 交付物

**主文档**：`docs/quickstart/e2e-observation.md`（已完全重写，无 TODO 占位）
- **字数**：约 11,737 字符（远超 1000 字下限）
- **真实证据锚点**：21 处（远超 8 处要求），均来自 commit `e1c4db9621f7c4203ee9becd5d5456d4e6bf54f7` 实测行号，例如：
  - `tokenizer_manager.py:755`（`generate_request`）、`:792`（`log_received_request`）、`:2876`/`:2909`（`observe_time_to_first_token` / `observe_one_finished_request`）
  - `req_time_stats.py:1050`（`convert_to_duration` 时延分解）、`:476-L483`（TTFT/decode/e2e 计算）
  - `schedule_batch.py:1787`（`log_time_stats` → `ReqTimeStats` 日志行）
  - `output_streamer.py:184-L190`（仅 `attn_tp_rank==0` 且 `enable_request_time_stats_logging` 为真才打印）
  - `metrics_collector.py:269/L340/L698/L1715`（running/queue 数、KV 占用、TTFT/E2E 直方图）
  - `server_args.py:1467/L1602/L1517`（log_level / 时延日志 / metrics 开关）
- **Mermaid 时序图**：1 个（四进程端到端时序，组件名与源码一致：TokenizerManager / Scheduler / ModelRunner / DetokenizerManager）
- **结构**：含 What / Why / How / 边界与坑 四节，并附"观测落点速查表"

**OPEN 问题**：`docs/appendix/_openq_e2e-observation.md`（2 个遗留点，正文对应处已用 `> **[OPEN]**` 标注）

## 文档核心内容

覆盖了任务要求的全部重点：
1. **端到端链路**：四进程 + ZMQ 管道，附时序图
2. **可加日志/打印的关键函数与行号**：`log_received_request`、`ReqTimeStats` 行、`collect_metrics`、`set_forward_entry_time` 等
3. **真实 curl + 预期日志片段**：Receive 行、`ReqTimeStats(rid=..., input_len=, cached_input_len=, output_len=...)` 行，并解释 `cached_input_len/input_len` 即前缀命中比例
4. **详细日志开启方式**：`--log-level`、`--log-requests`/`--log-requests-level`、`--enable-request-time-stats-logging`、`--enable-metrics`、`--enable-trace` 及 `SGLANG_TRACE_*` 环境变量
5. **metrics 端点示例**：`/metrics`（common.py:2398）、curl 抓取与典型输出（running/queue、cache_hit_rate、cached_tokens_total、e2e 直方图等）

所有论断均基于源码阅读，未引用记忆或网络，未修改 SSOT 源码。
