已完成为 `Scheduler` 的深度源码文档。

## 交付总结

**目标文件**：`/home/kimmo/develop/sglangReading/docs/deep-dive/scheduler.md`（已完全重写，无 TODO 占位）

**验收自检**：
- TODO 占位：0（已删除）✓
- 字数：16,957 字符（要求 ≥3000）✓
- 真实证据锚点：48 处（要求 ≥8）✓
- Mermaid 图：3 个（架构/流程/状态机，要求 ≥1）✓
- 结构：含 What / Why / How / 坑 四节 ✓
- 类名/函数名均与源码一致（如 `Scheduler`、`ScheduleBatch`、`PrefillAdder`、`RadixCache`、`run_batch`、`get_next_batch_to_run`、`retract_decode`、`mix_with_running`）

**OPEN 问题**：已写入 `/home/kimmo/develop/sglangReading/docs/appendix/_openq_scheduler.md`（2 项：DP-attn+spec 混合隔离细节、retract_decode 与 radix 缓存联合优化），正文对应处用 `> **[OPEN]**` 标注，未修改 `open-questions.md`。

**核心内容覆盖**：
1. 主循环 `event_loop_normal` / `event_loop_overlap` 结构 + 流程图
2. `get_next_batch_to_run` 决策总入口（含 last_batch→running_batch 的 prefill→decode 衔接）
3. prefill 组装 `get_new_batch_prefill` / `_get_new_batch_prefill_raw` + `PrefillAdder` 闸门
4. decode 批次组装（等价 `get_new_batch_decode` = `update_running_batch`）
5. prefill/decode 同批混合（`is_mixed_chunk` + `mix_with_running`，置 `ForwardMode.MIXED`）
6. chunked prefill 分块来源（`chunked_prefill_size`）、分块逻辑、动态分块、续跑衔接
7. 抢占触发（`check_decode_mem`）+ 恢复路径（`retract_decode` 按输出长度逆序驱逐重算）+ 优先级抢占（`preempt_to_schedule`）+ 状态机图
8. 坑：chunked 与 radix 命中、混合批次 input_embeds 形状约束、batch_is_full 抖动、abort/chunk 竞态

所有行号均通过 `Read` 实测核对。未执行任何 git 命令，未修改 SSOT 源码。
